2026-03-15 15:11:25 - INFO - [用户 ID:1 | 用户名:admin | 姓名:System Admin] - 用户登录
2026-03-15 15:59:58 - INFO - [用户 ID:1 | 用户名:admin | 姓名:管理员] - Action: 用户登录 | Details: 成功登录系统
2026-03-15 16:10:08 - INFO - [用户 ID:1 | 用户名:admin | 姓名:管理员] - Action: 用户登录 | Details: 成功登录系统
2026-03-15 16:12:31 - INFO - [用户 ID:1 | 用户名:admin | 姓名:管理员] - Action: 用户登录 | Details: 成功登录系统
2026-03-15 16:12:31 - INFO - [用户 ID:1 | 用户名:admin | 姓名:管理员] - Action: 查看今日预约 | Details: 查看了 2 个今日预约
2026-03-15 16:12:31 - INFO - [用户 ID:1 | 用户名:admin | 姓名:管理员] - Action: 查看预约列表 | Details: 获取了 2 个预约，偏移量: 0, 限制: 100，查看所有预约
2026-03-15 16:12:31 - INFO - [用户 ID:1 | 用户名:admin | 姓名:管理员] - Action: 查看借用列表 | Details: 获取了 0 个借用记录，偏移量: 0, 限制: 100，查看所有借用
2026-03-15 16:12:35 - INFO - [用户 ID:1 | 用户名:admin | 姓名:管理员] - Action: 查看日志类型 | Details: 获取可用日志类型: ['action', 'error', 'access']
2026-03-15 16:12:35 - INFO - [用户 ID:1 | 用户名:admin | 姓名:管理员] - Action: 查看日志 | Details: 查看 action 日志，类型: action, 关键词: 无, 总数: 8, 页码: 0, 页大小: 20
2026-03-15 16:12:48 - INFO - [用户 ID:1 | 用户名:admin | 姓名:管理员] - Action: 查看日志 | Details: 查看 access 日志，类型: access, 关键词: 无, 总数: 0, 页码: 0, 页大小: 20
2026-03-15 16:12:48 - INFO - [用户 ID:1 | 用户名:admin | 姓名:管理员] - Action: 查看日志 | Details: 查看 access 日志，类型: access, 关键词: 无, 总数: 0, 页码: 0, 页大小: 20
2026-03-15 16:12:52 - INFO - [用户 ID:1 | 用户名:admin | 姓名:管理员] - Action: 查看日志 | Details: 查看 error 日志，类型: error, 关键词: 无, 总数: 2, 页码: 0, 页大小: 20
2026-03-15 16:12:52 - INFO - [用户 ID:1 | 用户名:admin | 姓名:管理员] - Action: 查看日志 | Details: 查看 error 日志，类型: error, 关键词: 无, 总数: 2, 页码: 0, 页大小: 20
2026-03-15 16:12:54 - INFO - [用户 ID:1 | 用户名:admin | 姓名:管理员] - Action: 查看日志 | Details: 查看 action 日志，类型: action, 关键词: 无, 总数: 13, 页码: 0, 页大小: 20
2026-03-15 16:12:54 - INFO - [用户 ID:1 | 用户名:admin | 姓名:管理员] - Action: 查看日志 | Details: 查看 action 日志，类型: action, 关键词: 无, 总数: 14, 页码: 0, 页大小: 20
2026-03-15 16:13:34 - INFO - [用户 ID:1 | 用户名:admin | 姓名:管理员] - Action: 用户登录 | Details: 成功登录系统
2026-03-15 16:13:34 - INFO - [用户 ID:1 | 用户名:admin | 姓名:管理员] - Action: 查看今日预约 | Details: 查看了 2 个今日预约
2026-03-15 16:13:34 - INFO - [用户 ID:1 | 用户名:admin | 姓名:管理员] - Action: 查看预约列表 | Details: 获取了 2 个预约，偏移量: 0, 限制: 100，查看所有预约
2026-03-15 16:13:34 - INFO - [用户 ID:1 | 用户名:admin | 姓名:管理员] - Action: 查看借用列表 | Details: 获取了 0 个借用记录，偏移量: 0, 限制: 100，查看所有借用
2026-03-15 16:13:56 - INFO - [用户 ID:1 | 用户名:admin | 姓名:管理员] - Action: 删除会议室 | Details: 会议室ID: 4, 会议室名称: 测试会议室
2026-03-15 16:13:59 - INFO - [用户 ID:1 | 用户名:admin | 姓名:管理员] - Action: 查看用户列表 | Details: 获取了 2 个用户，偏移量: 0, 限制: 100
2026-03-15 16:13:59 - INFO - [用户 ID:1 | 用户名:admin | 姓名:管理员] - Action: 查看预约列表 | Details: 获取了 2 个预约，偏移量: 0, 限制: 100，查看所有预约
2026-03-15 16:14:00 - INFO - [用户 ID:1 | 用户名:admin | 姓名:管理员] - Action: 查看今日预约 | Details: 查看了 2 个今日预约
2026-03-15 16:14:00 - INFO - [用户 ID:1 | 用户名:admin | 姓名:管理员] - Action: 查看预约列表 | Details: 获取了 2 个预约，偏移量: 0, 限制: 100，查看所有预约
2026-03-15 16:14:00 - INFO - [用户 ID:1 | 用户名:admin | 姓名:管理员] - Action: 查看借用列表 | Details: 获取了 0 个借用记录，偏移量: 0, 限制: 100，查看所有借用
2026-03-15 16:14:08 - INFO - [用户 ID:1 | 用户名:admin | 姓名:管理员] - Action: 查看用户列表 | Details: 获取了 2 个用户，偏移量: 0, 限制: 100
2026-03-15 16:14:08 - INFO - [用户 ID:1 | 用户名:admin | 姓名:管理员] - Action: 查看预约列表 | Details: 获取了 2 个预约，偏移量: 0, 限制: 100，查看所有预约
2026-03-15 17:03:09 - INFO - [用户 ID:1 | 用户名:admin | 姓名:管理员] - Action: 查看今日预约 | Details: 查看了 2 个今日预约
2026-03-15 17:03:09 - INFO - [用户 ID:1 | 用户名:admin | 姓名:管理员] - Action: 查看预约列表 | Details: 获取了 2 个预约，偏移量: 0, 限制: 100，查看所有预约
2026-03-15 17:03:09 - INFO - [用户 ID:1 | 用户名:admin | 姓名:管理员] - Action: 查看借用列表 | Details: 获取了 0 个借用记录，偏移量: 0, 限制: 100，查看所有借用
2026-03-15 17:03:19 - INFO - [用户 ID:1 | 用户名:admin | 姓名:管理员] - Action: 用户登录 | Details: 成功登录系统
2026-03-15 17:03:48 - INFO - [用户 ID:1 | 用户名:admin | 姓名:管理员] - Action: 查看今日预约 | Details: 查看了 2 个今日预约
2026-03-15 17:03:48 - INFO - [用户 ID:1 | 用户名:admin | 姓名:管理员] - Action: 查看预约列表 | Details: 获取了 2 个预约，偏移量: 0, 限制: 100，查看所有预约
2026-03-15 17:03:48 - INFO - [用户 ID:1 | 用户名:admin | 姓名:管理员] - Action: 查看借用列表 | Details: 获取了 0 个借用记录，偏移量: 0, 限制: 100，查看所有借用
2026-03-15 17:06:11 - INFO - [用户 ID:1 | 用户名:admin | 姓名:管理员] - Action: 用户登录 | Details: 成功登录系统
2026-03-15 17:18:11 - INFO - [用户 ID:1 | 用户名:admin | 姓名:管理员] - Action: 查看今日预约 | Details: 查看了 2 个今日预约
2026-03-15 17:18:11 - INFO - [用户 ID:1 | 用户名:admin | 姓名:管理员] - Action: 查看预约列表 | Details: 获取了 2 个预约，偏移量: 0, 限制: 100，查看所有预约
2026-03-15 17:18:11 - INFO - [用户 ID:1 | 用户名:admin | 姓名:管理员] - Action: 查看借用列表 | Details: 获取了 0 个借用记录，偏移量: 0, 限制: 100，查看所有借用
2026-03-15 17:23:46 - INFO - [用户 ID:1 | 用户名:admin | 姓名:管理员] - Action: 用户登录 | Details: 成功登录系统
2026-03-15 17:23:46 - INFO - [用户 ID:1 | 用户名:admin | 姓名:管理员] - Action: 查看日志类型 | Details: 获取可用日志类型: ['action', 'error', 'access']
2026-03-15 17:23:46 - INFO - [用户 ID:1 | 用户名:admin | 姓名:管理员] - Action: 查看日志 | Details: 查看 action 日志，类型: action, 关键词: 无, 总数: 40, 页码: 0, 页大小: 50
2026-03-15 17:24:10 - INFO - [用户 ID:1 | 用户名:admin | 姓名:管理员] - Action: 用户登录 | Details: 成功登录系统
2026-03-15 17:24:10 - INFO - [用户 ID:1 | 用户名:admin | 姓名:管理员] - Action: 查看日志 | Details: 查看 action 日志，类型: action, 关键词: 无, 总数: 42, 页码: 0, 页大小: 50
2026-03-15 17:24:10 - INFO - [用户 ID:1 | 用户名:admin | 姓名:管理员] - Action: 查看日志 | Details: 查看 action 日志，类型: action, 关键词: 无, 总数: 43, 页码: 0, 页大小: 50
2026-03-15 17:24:28 - INFO - [用户 ID:1 | 用户名:admin | 姓名:管理员] - Action: 用户登录 | Details: 成功登录系统
2026-03-15 17:24:29 - INFO - [用户 ID:1 | 用户名:admin | 姓名:管理员] - Action: 查看日志 | Details: 查看 action 日志，类型: action, 关键词: admin, 总数: 45, 页码: 0, 页大小: 50
2026-03-15 17:50:49 - INFO - [用户 ID:1 | 用户名:admin | 姓名:管理员] - Action: 用户登录 | Details: 成功登录系统
2026-03-15 17:50:50 - INFO - [用户 ID:1 | 用户名:admin | 姓名:管理员] - Action: 查看今日预约 | Details: 查看了 2 个今日预约
2026-03-15 17:50:50 - INFO - [用户 ID:1 | 用户名:admin | 姓名:管理员] - Action: 查看预约列表 | Details: 获取了 2 个预约，偏移量: 0, 限制: 100，查看所有预约
2026-03-15 17:50:50 - INFO - [用户 ID:1 | 用户名:admin | 姓名:管理员] - Action: 查看借用列表 | Details: 获取了 0 个借用记录，偏移量: 0, 限制: 100，查看所有借用
2026-03-15 17:51:53 - INFO - [用户 ID:1 | 用户名:admin | 姓名:管理员] - Action: 查看日志类型 | Details: 获取可用日志类型: ['action', 'error', 'access']
2026-03-15 17:51:53 - INFO - [用户 ID:1 | 用户名:admin | 姓名:管理员] - Action: 查看日志 | Details: 查看 action 日志，类型: action, 关键词: 无, 总数: 51, 页码: 0, 页大小: 20
2026-03-15 17:53:01 - INFO - [用户 ID:1 | 用户名:admin | 姓名:管理员] - Action: 查看日志 | Details: 查看 error 日志，类型: error, 关键词: 无, 总数: 2, 页码: 0, 页大小: 20
2026-03-15 17:53:01 - INFO - [用户 ID:1 | 用户名:admin | 姓名:管理员] - Action: 查看日志 | Details: 查看 error 日志，类型: error, 关键词: 无, 总数: 2, 页码: 0, 页大小: 20
2026-03-15 18:18:25 - INFO - [用户 ID:1 | 用户名:admin | 姓名:管理员] - Action: 查看日志 | Details: 查看 error 日志，类型: error, 关键词: 登录失败, 总数: 2, 页码: 0, 页大小: 20
2026-03-15 18:18:34 - INFO - [用户 ID:1 | 用户名:admin | 姓名:管理员] - Action: 查看日志 | Details: 查看 error 日志，类型: error, 关键词: 登录失败, 总数: 2, 页码: 0, 页大小: 20
2026-03-15 18:19:10 - INFO - [用户 ID:1 | 用户名:admin | 姓名:管理员] - Action: 查看日志 | Details: 查看 error 日志，类型: error, 关键词: 登录失败, 总数: 2, 页码: 0, 页大小: 20
2026-03-15 18:20:12 - INFO - [用户 ID:1 | 用户名:admin | 姓名:管理员] - Action: 查看日志 | Details: 查看 access 日志，类型: access, 关键词: 登录失败, 总数: 0, 页码: 0, 页大小: 20
2026-03-15 18:20:12 - INFO - [用户 ID:1 | 用户名:admin | 姓名:管理员] - Action: 查看日志 | Details: 查看 access 日志，类型: access, 关键词: 登录失败, 总数: 0, 页码: 0, 页大小: 20
2026-03-15 18:21:15 - INFO - [用户 ID:1 | 用户名:admin | 姓名:管理员] - Action: 查看日志 | Details: 查看 action 日志，类型: action, 关键词: 登录失败, 总数: 5, 页码: 0, 页大小: 20
2026-03-15 18:21:15 - INFO - [用户 ID:1 | 用户名:admin | 姓名:管理员] - Action: 查看日志 | Details: 查看 action 日志，类型: action, 关键词: 登录失败, 总数: 6, 页码: 0, 页大小: 20
2026-03-15 18:22:12 - INFO - [用户 ID:1 | 用户名:admin | 姓名:管理员] - Action: 查看日志 | Details: 查看 action 日志，类型: action, 关键词: 登录失败, 总数: 7, 页码: 0, 页大小: 20
2026-03-15 20:46:00 - INFO - [用户 ID:1 | 用户名:admin | 姓名:管理员] - Action: 用户登录 | Details: 成功登录系统
2026-05-06 15:18:12 - INFO - [用户 ID:1 | 用户名:admin | 姓名:管理员] - Action: 用户登录 | Details: 成功登录系统
2026-05-06 15:18:12 - INFO - [用户 ID:1 | 用户名:admin | 姓名:管理员] - Action: 查看今日预约 | Details: 查看了 0 个今日预约
2026-05-06 15:18:12 - INFO - [用户 ID:1 | 用户名:admin | 姓名:管理员] - Action: 查看预约列表 | Details: 获取了 2 个预约，偏移量: 0, 限制: 100，查看所有预约
2026-05-06 15:18:12 - INFO - [用户 ID:1 | 用户名:admin | 姓名:管理员] - Action: 查看借用列表 | Details: 获取了 0 个借用记录，偏移量: 0, 限制: 100，查看所有借用
2026-05-06 15:18:20 - INFO - [用户 ID:1 | 用户名:admin | 姓名:管理员] - Action: 查看组织列表 | Details: 获取了 1 个组织，偏移量: 0, 限制: 100
2026-05-06 15:18:20 - INFO - [用户 ID:1 | 用户名:admin | 姓名:管理员] - Action: 查看用户列表 | Details: 获取了 2 个用户，偏移量: 0, 限制: 100
2026-05-06 15:18:49 - INFO - [用户 ID:1 | 用户名:admin | 姓名:管理员] - Action: 更新用户 | Details: 用户ID: 2, 用户名: testuser -> testuser, 组织: 无
2026-05-06 15:18:49 - INFO - [用户 ID:1 | 用户名:admin | 姓名:管理员] - Action: 查看用户列表 | Details: 获取了 2 个用户，偏移量: 0, 限制: 100
2026-05-06 15:18:58 - INFO - [用户 ID:2 | 用户名:testuser | 姓名:测试用户] - Action: 用户登录 | Details: 成功登录系统
2026-05-06 15:18:58 - INFO - [用户 ID:2 | 用户名:testuser | 姓名:测试用户] - Action: 查看今日预约 | Details: 查看了 0 个今日预约
2026-05-06 15:18:58 - INFO - [用户 ID:2 | 用户名:testuser | 姓名:测试用户] - Action: 查看预约列表 | Details: 获取了 0 个预约，偏移量: 0, 限制: 100，仅查看自己的预约
2026-05-06 15:18:58 - INFO - [用户 ID:2 | 用户名:testuser | 姓名:测试用户] - Action: 查看借用列表 | Details: 获取了 0 个借用记录，偏移量: 0, 限制: 100，仅查看自己的借用
2026-05-06 15:19:18 - INFO - [用户 ID:2 | 用户名:testuser | 姓名:测试用户] - Action: 创建预约 | Details: 预约ID: 3, 会议室: 会议室 A, 时间: 2026-05-06 15:30:00 - 2026-05-06 16:30:00, 事由: 11122423424
2026-05-06 15:19:18 - INFO - [用户 ID:2 | 用户名:testuser | 姓名:测试用户] - Action: 查看今日预约 | Details: 查看了 1 个今日预约
2026-05-06 15:19:18 - INFO - [用户 ID:2 | 用户名:testuser | 姓名:测试用户] - Action: 查看预约列表 | Details: 获取了 1 个预约，偏移量: 0, 限制: 100，仅查看自己的预约
2026-05-06 15:19:19 - INFO - [用户 ID:2 | 用户名:testuser | 姓名:测试用户] - Action: 查看借用列表 | Details: 获取了 0 个借用记录，偏移量: 0, 限制: 100，仅查看自己的借用
2026-05-06 15:19:32 - INFO - [用户 ID:2 | 用户名:testuser | 姓名:测试用户] - Action: 查看今日预约 | Details: 查看了 1 个今日预约
2026-05-06 15:19:32 - INFO - [用户 ID:2 | 用户名:testuser | 姓名:测试用户] - Action: 查看预约列表 | Details: 获取了 1 个预约，偏移量: 0, 限制: 100，仅查看自己的预约
2026-05-06 15:19:32 - INFO - [用户 ID:2 | 用户名:testuser | 姓名:测试用户] - Action: 查看借用列表 | Details: 获取了 0 个借用记录，偏移量: 0, 限制: 100，仅查看自己的借用
2026-05-06 15:19:37 - INFO - [用户 ID:2 | 用户名:testuser | 姓名:测试用户] - Action: 查看今日预约 | Details: 查看了 1 个今日预约
2026-05-06 15:19:37 - INFO - [用户 ID:2 | 用户名:testuser | 姓名:测试用户] - Action: 查看预约列表 | Details: 获取了 1 个预约，偏移量: 0, 限制: 100，仅查看自己的预约
2026-05-06 15:19:37 - INFO - [用户 ID:2 | 用户名:testuser | 姓名:测试用户] - Action: 查看借用列表 | Details: 获取了 0 个借用记录，偏移量: 0, 限制: 100，仅查看自己的借用
2026-05-06 15:19:42 - INFO - [用户 ID:2 | 用户名:testuser | 姓名:测试用户] - Action: 查看预约列表 | Details: 获取了 1 个预约，偏移量: 0, 限制: 100，仅查看自己的预约
2026-05-06 15:19:47 - INFO - [用户 ID:2 | 用户名:testuser | 姓名:测试用户] - Action: 查看借用列表 | Details: 获取了 1 个借用记录，偏移量: 0, 限制: 100，仅查看自己的借用
2026-05-06 15:19:49 - INFO - [用户 ID:2 | 用户名:testuser | 姓名:测试用户] - Action: 查看今日预约 | Details: 查看了 1 个今日预约
2026-05-06 15:19:49 - INFO - [用户 ID:2 | 用户名:testuser | 姓名:测试用户] - Action: 查看预约列表 | Details: 获取了 1 个预约，偏移量: 0, 限制: 100，仅查看自己的预约
2026-05-06 15:19:49 - INFO - [用户 ID:2 | 用户名:testuser | 姓名:测试用户] - Action: 查看借用列表 | Details: 获取了 0 个借用记录，偏移量: 0, 限制: 100，仅查看自己的借用
2026-05-06 15:20:27 - INFO - [用户 ID:2 | 用户名:testuser | 姓名:测试用户] - Action: 查看借用列表 | Details: 获取了 1 个借用记录，偏移量: 0, 限制: 100，仅查看自己的借用
2026-05-06 15:20:38 - INFO - [用户 ID:2 | 用户名:testuser | 姓名:测试用户] - Action: 创建借用 | Details: 借用ID: 2, 物品: 投影仪, 数量: 1, 归还日期: 2026-05-13 15:20:33
2026-05-06 15:20:42 - INFO - [用户 ID:2 | 用户名:testuser | 姓名:测试用户] - Action: 查看借用列表 | Details: 获取了 2 个借用记录，偏移量: 0, 限制: 100，仅查看自己的借用
2026-05-06 15:20:44 - INFO - [用户 ID:2 | 用户名:testuser | 姓名:测试用户] - Action: 查看今日预约 | Details: 查看了 1 个今日预约
2026-05-06 15:20:44 - INFO - [用户 ID:2 | 用户名:testuser | 姓名:测试用户] - Action: 查看预约列表 | Details: 获取了 1 个预约，偏移量: 0, 限制: 100，仅查看自己的预约
2026-05-06 15:20:44 - INFO - [用户 ID:2 | 用户名:testuser | 姓名:测试用户] - Action: 查看借用列表 | Details: 获取了 1 个借用记录，偏移量: 0, 限制: 100，仅查看自己的借用
2026-05-06 15:21:13 - INFO - [用户 ID:2 | 用户名:testuser | 姓名:测试用户] - Action: 查看预约列表 | Details: 获取了 1 个预约，偏移量: 0, 限制: 100，仅查看自己的预约
2026-05-06 15:21:15 - INFO - [用户 ID:2 | 用户名:testuser | 姓名:测试用户] - Action: 查看借用列表 | Details: 获取了 2 个借用记录，偏移量: 0, 限制: 100，仅查看自己的借用
2026-05-06 15:24:35 - INFO - [用户 ID:2 | 用户名:testuser | 姓名:测试用户] - Action: 查看今日预约 | Details: 查看了 1 个今日预约
2026-05-06 15:24:36 - INFO - [用户 ID:2 | 用户名:testuser | 姓名:测试用户] - Action: 查看预约列表 | Details: 获取了 1 个预约，偏移量: 0, 限制: 100，仅查看自己的预约
2026-05-06 15:24:36 - INFO - [用户 ID:2 | 用户名:testuser | 姓名:测试用户] - Action: 查看借用列表 | Details: 获取了 1 个借用记录，偏移量: 0, 限制: 100，仅查看自己的借用
2026-05-06 15:24:50 - INFO - [用户 ID:1 | 用户名:admin | 姓名:管理员] - Action: 用户登录 | Details: 成功登录系统
2026-05-06 15:24:50 - INFO - [用户 ID:1 | 用户名:admin | 姓名:管理员] - Action: 查看今日预约 | Details: 查看了 1 个今日预约
2026-05-06 15:24:50 - INFO - [用户 ID:1 | 用户名:admin | 姓名:管理员] - Action: 查看预约列表 | Details: 获取了 3 个预约，偏移量: 0, 限制: 100，查看所有预约
2026-05-06 15:24:50 - INFO - [用户 ID:1 | 用户名:admin | 姓名:管理员] - Action: 查看借用列表 | Details: 获取了 1 个借用记录，偏移量: 0, 限制: 100，查看所有借用
2026-05-06 15:24:59 - INFO - [用户 ID:1 | 用户名:admin | 姓名:管理员] - Action: 查看组织列表 | Details: 获取了 1 个组织，偏移量: 0, 限制: 100
2026-05-06 15:24:59 - INFO - [用户 ID:1 | 用户名:admin | 姓名:管理员] - Action: 查看用户列表 | Details: 获取了 2 个用户，偏移量: 0, 限制: 100
2026-05-06 15:25:00 - INFO - [用户 ID:1 | 用户名:admin | 姓名:管理员] - Action: 查看日志类型 | Details: 获取可用日志类型: ['action', 'error', 'access']
2026-05-06 15:25:00 - INFO - [用户 ID:1 | 用户名:admin | 姓名:管理员] - Action: 查看日志 | Details: 查看 action 日志，类型: action, 关键词: 无, 总数: 108, 页码: 0, 页大小: 20
2026-05-06 15:25:36 - INFO - [用户 ID:1 | 用户名:admin | 姓名:管理员] - Action: 查看日志 | Details: 查看 action 日志，类型: action, 关键词: 无, 总数: 109, 页码: 0, 页大小: 20
2026-05-06 15:25:38 - INFO - [用户 ID:1 | 用户名:admin | 姓名:管理员] - Action: 查看日志 | Details: 查看 action 日志，类型: action, 关键词: 无, 总数: 110, 页码: 0, 页大小: 20
2026-05-06 15:25:39 - INFO - [用户 ID:1 | 用户名:admin | 姓名:管理员] - Action: 查看日志 | Details: 查看 action 日志，类型: action, 关键词: 无, 总数: 111, 页码: 0, 页大小: 20
2026-05-06 15:25:41 - INFO - [用户 ID:1 | 用户名:admin | 姓名:管理员] - Action: 查看日志 | Details: 查看 action 日志，类型: action, 关键词: 无, 总数: 112, 页码: 0, 页大小: 20
2026-05-06 15:25:43 - INFO - [用户 ID:1 | 用户名:admin | 姓名:管理员] - Action: 查看日志 | Details: 查看 action 日志，类型: action, 关键词: 无, 总数: 113, 页码: 5, 页大小: 20
2026-05-06 15:25:46 - INFO - [用户 ID:1 | 用户名:admin | 姓名:管理员] - Action: 查看日志 | Details: 查看 action 日志，类型: action, 关键词: 无, 总数: 114, 页码: 5, 页大小: 20
2026-05-06 15:25:47 - INFO - [用户 ID:1 | 用户名:admin | 姓名:管理员] - Action: 查看日志 | Details: 查看 action 日志，类型: action, 关键词: 无, 总数: 115, 页码: 5, 页大小: 20
2026-05-06 15:25:49 - INFO - [用户 ID:1 | 用户名:admin | 姓名:管理员] - Action: 查看日志 | Details: 查看 action 日志，类型: action, 关键词: 无, 总数: 116, 页码: 5, 页大小: 20
2026-05-06 15:26:07 - INFO - [用户 ID:1 | 用户名:admin | 姓名:管理员] - Action: 查看日志 | Details: 查看 action 日志，类型: action, 关键词: 无, 总数: 117, 页码: 3, 页大小: 20
2026-05-06 15:26:24 - INFO - [用户 ID:1 | 用户名:admin | 姓名:管理员] - Action: 查看用户列表 | Details: 获取了 2 个用户，偏移量: 0, 限制: 100
2026-05-06 15:26:24 - INFO - [用户 ID:1 | 用户名:admin | 姓名:管理员] - Action: 查看预约列表 | Details: 获取了 3 个预约，偏移量: 0, 限制: 100，查看所有预约
2026-05-06 15:26:28 - INFO - [用户 ID:1 | 用户名:admin | 姓名:管理员] - Action: 取消预约 | Details: 预约ID: 3, 会议室: 1, 时间: 2026-05-06 15:30:00 - 2026-05-06 16:30:00
2026-05-06 15:26:28 - INFO - [用户 ID:1 | 用户名:admin | 姓名:管理员] - Action: 查看用户列表 | Details: 获取了 2 个用户，偏移量: 0, 限制: 100
2026-05-06 15:26:28 - INFO - [用户 ID:1 | 用户名:admin | 姓名:管理员] - Action: 查看预约列表 | Details: 获取了 3 个预约，偏移量: 0, 限制: 100，查看所有预约
2026-05-06 15:26:29 - INFO - [用户 ID:1 | 用户名:admin | 姓名:管理员] - Action: 查看日志类型 | Details: 获取可用日志类型: ['action', 'error', 'access']
2026-05-06 15:26:29 - INFO - [用户 ID:1 | 用户名:admin | 姓名:管理员] - Action: 查看日志 | Details: 查看 action 日志，类型: action, 关键词: 无, 总数: 124, 页码: 0, 页大小: 20
2026-05-06 15:26:31 - INFO - [用户 ID:1 | 用户名:admin | 姓名:管理员] - Action: 查看日志 | Details: 查看 action 日志，类型: action, 关键词: 无, 总数: 125, 页码: 6, 页大小: 20
2026-05-06 15:26:49 - INFO - [用户 ID:1 | 用户名:admin | 姓名:管理员] - Action: 查看日志 | Details: 查看 action 日志，类型: action, 关键词: 无, 总数: 126, 页码: 6, 页大小: 20
2026-05-06 15:26:49 - INFO - [用户 ID:1 | 用户名:admin | 姓名:管理员] - Action: 查看日志 | Details: 查看 action 日志，类型: action, 关键词: 无, 总数: 127, 页码: 6, 页大小: 20
2026-05-06 15:26:50 - INFO - [用户 ID:1 | 用户名:admin | 姓名:管理员] - Action: 查看日志 | Details: 查看 action 日志，类型: action, 关键词: 无, 总数: 128, 页码: 6, 页大小: 20
2026-05-06 15:26:50 - INFO - [用户 ID:1 | 用户名:admin | 姓名:管理员] - Action: 查看日志 | Details: 查看 action 日志，类型: action, 关键词: 无, 总数: 129, 页码: 6, 页大小: 20
2026-05-06 15:26:51 - INFO - [用户 ID:1 | 用户名:admin | 姓名:管理员] - Action: 查看日志 | Details: 查看 action 日志，类型: action, 关键词: 无, 总数: 130, 页码: 6, 页大小: 20
2026-05-06 15:26:53 - INFO - [用户 ID:1 | 用户名:admin | 姓名:管理员] - Action: 查看日志 | Details: 查看 action 日志，类型: action, 关键词: 无, 总数: 131, 页码: 6, 页大小: 20
2026-05-06 15:26:53 - INFO - [用户 ID:1 | 用户名:admin | 姓名:管理员] - Action: 查看日志 | Details: 查看 action 日志，类型: action, 关键词: 无, 总数: 132, 页码: 6, 页大小: 20
2026-05-06 15:26:56 - INFO - [用户 ID:1 | 用户名:admin | 姓名:管理员] - Action: 查看日志 | Details: 查看 action 日志，类型: action, 关键词: 无, 总数: 133, 页码: 6, 页大小: 20
2026-05-06 15:27:02 - INFO - [用户 ID:1 | 用户名:admin | 姓名:管理员] - Action: 查看日志 | Details: 查看 action 日志，类型: action, 关键词: 无, 总数: 134, 页码: 6, 页大小: 20
2026-05-06 15:27:10 - INFO - [用户 ID:1 | 用户名:admin | 姓名:管理员] - Action: 查看组织列表 | Details: 获取了 1 个组织，偏移量: 0, 限制: 100
2026-05-06 15:27:10 - INFO - [用户 ID:1 | 用户名:admin | 姓名:管理员] - Action: 查看用户列表 | Details: 获取了 2 个用户，偏移量: 0, 限制: 100
2026-05-06 15:27:11 - INFO - [用户 ID:1 | 用户名:admin | 姓名:管理员] - Action: 查看组织列表 | Details: 获取了 1 个组织，偏移量: 0, 限制: 100
2026-05-06 15:27:16 - INFO - [用户 ID:1 | 用户名:admin | 姓名:管理员] - Action: 查看今日预约 | Details: 查看了 1 个今日预约
2026-05-06 15:27:16 - INFO - [用户 ID:1 | 用户名:admin | 姓名:管理员] - Action: 查看预约列表 | Details: 获取了 3 个预约，偏移量: 0, 限制: 100，查看所有预约
2026-05-06 15:27:16 - INFO - [用户 ID:1 | 用户名:admin | 姓名:管理员] - Action: 查看借用列表 | Details: 获取了 1 个借用记录，偏移量: 0, 限制: 100，查看所有借用
2026-05-06 16:31:18 - INFO - [用户 ID:2 | 用户名:testuser | 姓名:测试用户] - Action: 用户登录 | Details: 成功登录系统
2026-05-06 16:31:51 - INFO - [用户 ID:2 | 用户名:testuser | 姓名:测试用户] - Action: 创建预约 | Details: 预约ID: 4, 会议室: 会议室 A, 时间: 2026-05-06 19:30:00 - 2026-05-06 20:30:00, 事由: 而我认为 
2026-05-06 16:32:06 - INFO - [用户 ID:2 | 用户名:testuser | 姓名:测试用户] - Action: 创建预约 | Details: 预约ID: 5, 会议室: 会议室 B, 时间: 2026-05-06 09:00:00 - 2026-05-06 10:00:00, 事由: 豆腐干豆腐干反对
2026-05-06 16:32:21 - INFO - [用户 ID:2 | 用户名:testuser | 姓名:测试用户] - Action: 创建预约 | Details: 预约ID: 6, 会议室: 会议室 C, 时间: 2026-05-06 19:00:00 - 2026-05-06 20:00:00, 事由: 太热帖
2026-05-06 16:32:49 - INFO - [用户 ID:2 | 用户名:testuser | 姓名:测试用户] - Action: 用户登录 | Details: 成功登录系统
2026-05-06 16:33:04 - INFO - [用户 ID:2 | 用户名:testuser | 姓名:测试用户] - Action: 创建预约 | Details: 预约ID: 7, 会议室: 会议室 C, 时间: 2026-05-06 17:30:00 - 2026-05-06 18:30:00, 事由: 太热帖十分士大夫
2026-05-06 16:33:29 - INFO - [用户 ID:2 | 用户名:testuser | 姓名:测试用户] - Action: 用户登录 | Details: 成功登录系统
2026-05-06 16:39:09 - INFO - [用户 ID:1 | 用户名:admin | 姓名:管理员] - Action: 用户登录 | Details: 成功登录系统
2026-05-06 16:46:57 - INFO - [用户 ID:1 | 用户名:admin | 姓名:管理员] - Action: 用户登录 | Details: 成功登录系统
2026-05-06 16:48:59 - INFO - [用户 ID:2 | 用户名:testuser | 姓名:测试用户] - Action: 用户登录 | Details: 成功登录系统
2026-05-06 16:49:06 - INFO - [用户 ID:2 | 用户名:testuser | 姓名:测试用户] - Action: 创建预约 | Details: 预约ID: 8, 会议室: 会议室 B, 时间: 2026-05-06 17:00:00 - 2026-05-06 18:00:00, 事由: 测试一下
2026-05-06 16:50:06 - INFO - [用户 ID:2 | 用户名:testuser | 姓名:测试用户] - Action: 归还物品 | Details: 借用ID: 2, 物品: 1, 数量: 1
2026-05-06 17:25:25 - INFO - [用户 ID:2 | 用户名:testuser | 姓名:测试用户] - Action: 用户登录 | Details: 成功登录系统
2026-05-06 17:25:34 - INFO - [用户 ID:2 | 用户名:testuser | 姓名:测试用户] - Action: 创建借用 | Details: 借用ID: 3, 物品: 笔记本电脑, 数量: 1, 归还日期: 2026-05-13 17:25:25
2026-05-06 17:40:48 - INFO - [用户 ID:2 | 用户名:testuser | 姓名:测试用户] - Action: 用户登录 | Details: 成功登录系统
2026-05-06 17:40:53 - INFO - [用户 ID:2 | 用户名:testuser | 姓名:测试用户] - Action: 创建预约 | Details: 预约ID: 9, 会议室: 会议室 A, 时间: 2026-05-06 18:00:00 - 2026-05-06 19:00:00, 事由: 测试
2026-05-06 17:50:05 - INFO - [用户 ID:2 | 用户名:testuser | 姓名:测试用户] - Action: 用户登录 | Details: 成功登录系统
2026-05-06 17:51:26 - INFO - [用户 ID:1 | 用户名:admin | 姓名:管理员] - Action: 用户登录 | Details: 成功登录系统
